###############################################################################
#
# IAR ELF Linker V8.32.3.193/W32 for ARM                  28/Nov/2019  13:02:01
# Copyright 2007-2019 IAR Systems AB.
#
#    Output file  =  
#        C:\Users\maiso\Desktop\CubeMX\InvertedPendulum\EWARM\InvertedPendulum\Exe\InvertedPendulum.out
#    Map file     =  
#        C:\Users\maiso\Desktop\CubeMX\InvertedPendulum\EWARM\InvertedPendulum\List\InvertedPendulum.map
#    Command line =  
#        -f C:\Users\maiso\AppData\Local\Temp\EW3B0D.tmp
#        (C:\Users\maiso\Desktop\CubeMX\InvertedPendulum\EWARM\InvertedPendulum\Obj\main.o
#        C:\Users\maiso\Desktop\CubeMX\InvertedPendulum\EWARM\InvertedPendulum\Obj\startup_stm32f411xe.o
#        C:\Users\maiso\Desktop\CubeMX\InvertedPendulum\EWARM\InvertedPendulum\Obj\stm32f4xx_hal.o
#        C:\Users\maiso\Desktop\CubeMX\InvertedPendulum\EWARM\InvertedPendulum\Obj\stm32f4xx_hal_cortex.o
#        C:\Users\maiso\Desktop\CubeMX\InvertedPendulum\EWARM\InvertedPendulum\Obj\stm32f4xx_hal_dma.o
#        C:\Users\maiso\Desktop\CubeMX\InvertedPendulum\EWARM\InvertedPendulum\Obj\stm32f4xx_hal_dma_ex.o
#        C:\Users\maiso\Desktop\CubeMX\InvertedPendulum\EWARM\InvertedPendulum\Obj\stm32f4xx_hal_exti.o
#        C:\Users\maiso\Desktop\CubeMX\InvertedPendulum\EWARM\InvertedPendulum\Obj\stm32f4xx_hal_flash.o
#        C:\Users\maiso\Desktop\CubeMX\InvertedPendulum\EWARM\InvertedPendulum\Obj\stm32f4xx_hal_flash_ex.o
#        C:\Users\maiso\Desktop\CubeMX\InvertedPendulum\EWARM\InvertedPendulum\Obj\stm32f4xx_hal_flash_ramfunc.o
#        C:\Users\maiso\Desktop\CubeMX\InvertedPendulum\EWARM\InvertedPendulum\Obj\stm32f4xx_hal_gpio.o
#        C:\Users\maiso\Desktop\CubeMX\InvertedPendulum\EWARM\InvertedPendulum\Obj\stm32f4xx_hal_msp.o
#        C:\Users\maiso\Desktop\CubeMX\InvertedPendulum\EWARM\InvertedPendulum\Obj\stm32f4xx_hal_pcd.o
#        C:\Users\maiso\Desktop\CubeMX\InvertedPendulum\EWARM\InvertedPendulum\Obj\stm32f4xx_hal_pcd_ex.o
#        C:\Users\maiso\Desktop\CubeMX\InvertedPendulum\EWARM\InvertedPendulum\Obj\stm32f4xx_hal_pwr.o
#        C:\Users\maiso\Desktop\CubeMX\InvertedPendulum\EWARM\InvertedPendulum\Obj\stm32f4xx_hal_pwr_ex.o
#        C:\Users\maiso\Desktop\CubeMX\InvertedPendulum\EWARM\InvertedPendulum\Obj\stm32f4xx_hal_rcc.o
#        C:\Users\maiso\Desktop\CubeMX\InvertedPendulum\EWARM\InvertedPendulum\Obj\stm32f4xx_hal_rcc_ex.o
#        C:\Users\maiso\Desktop\CubeMX\InvertedPendulum\EWARM\InvertedPendulum\Obj\stm32f4xx_hal_tim.o
#        C:\Users\maiso\Desktop\CubeMX\InvertedPendulum\EWARM\InvertedPendulum\Obj\stm32f4xx_hal_tim_ex.o
#        C:\Users\maiso\Desktop\CubeMX\InvertedPendulum\EWARM\InvertedPendulum\Obj\stm32f4xx_it.o
#        C:\Users\maiso\Desktop\CubeMX\InvertedPendulum\EWARM\InvertedPendulum\Obj\stm32f4xx_ll_usb.o
#        C:\Users\maiso\Desktop\CubeMX\InvertedPendulum\EWARM\InvertedPendulum\Obj\system_stm32f4xx.o
#        C:\Users\maiso\Desktop\CubeMX\InvertedPendulum\EWARM\InvertedPendulum\Obj\Trackbar.o
#        C:\Users\maiso\Desktop\CubeMX\InvertedPendulum\EWARM\InvertedPendulum\Obj\usb_device.o
#        C:\Users\maiso\Desktop\CubeMX\InvertedPendulum\EWARM\InvertedPendulum\Obj\usbd_cdc.o
#        C:\Users\maiso\Desktop\CubeMX\InvertedPendulum\EWARM\InvertedPendulum\Obj\usbd_cdc_if.o
#        C:\Users\maiso\Desktop\CubeMX\InvertedPendulum\EWARM\InvertedPendulum\Obj\usbd_conf.o
#        C:\Users\maiso\Desktop\CubeMX\InvertedPendulum\EWARM\InvertedPendulum\Obj\usbd_core.o
#        C:\Users\maiso\Desktop\CubeMX\InvertedPendulum\EWARM\InvertedPendulum\Obj\usbd_ctlreq.o
#        C:\Users\maiso\Desktop\CubeMX\InvertedPendulum\EWARM\InvertedPendulum\Obj\usbd_desc.o
#        C:\Users\maiso\Desktop\CubeMX\InvertedPendulum\EWARM\InvertedPendulum\Obj\usbd_ioreq.o
#        C:\Users\maiso\Desktop\CubeMX\InvertedPendulum\EWARM\InvertedPendulum\Obj\UsbSerial.o
#        --redirect _Printf=_PrintfFull --redirect _Scanf=_ScanfFull
#        --no_out_extension -o
#        C:\Users\maiso\Desktop\CubeMX\InvertedPendulum\EWARM\InvertedPendulum\Exe\InvertedPendulum.out
#        --map
#        C:\Users\maiso\Desktop\CubeMX\InvertedPendulum\EWARM\InvertedPendulum\List\InvertedPendulum.map
#        --config
#        C:\Users\maiso\Desktop\CubeMX\InvertedPendulum\EWARM/stm32f411xe_flash.icf
#        --semihosting --entry __iar_program_start --no_exceptions --vfe
#        --text_out locale)
#
###############################################################################

*******************************************************************************
*** RUNTIME MODEL ATTRIBUTES
***

CppFlavor                     = *
__CPP_Exceptions              = Disabled
__CPP_Language                = C++14
__Heap_Handler                = DLMalloc
__SystemLibrary               = DLib
__dlib_dynamic_initialization = normal
__dlib_version                = 6


*******************************************************************************
*** HEAP SELECTION
***

The advanced heap was selected because the application calls memory
allocation functions outside of system library functions, and there
are calls to deallocation functions in the application.


*******************************************************************************
*** PLACEMENT SUMMARY
***

"A0":  place at 0x800'0000 { ro section .intvec };
"P1":  place in [from 0x800'0000 to 0x807'ffff] { ro };
define block CSTACK with size = 16K, alignment = 8 { };
define block HEAP with size = 8K, alignment = 8 { };
"P2":  place in [from 0x2000'0000 to 0x2001'ffff] {
          rw, block CSTACK, block HEAP };
initialize by copy { rw };

  Section                Kind         Address    Size  Object
  -------                ----         -------    ----  ------
"A0":                                           0x198
  .intvec                ro code   0x800'0000   0x198  startup_stm32f411xe.o [1]
                                 - 0x800'0198   0x198

"P1":                                          0xadea
  .text                  ro code   0x800'0198  0x14e0  dlmalloc.o [2]
  .text                  ro code   0x800'1678     0x6  abort.o [2]
  .text                  ro code   0x800'167e    0x7a  lz77_init_single.o [5]
  .text                  ro code   0x800'16f8    0x2c  xgetmemchunk.o [2]
  .text                  ro code   0x800'1724    0x14  exit.o [6]
  .text                  ro code   0x800'1738    0x80  iarttio.o [6]
  .text                  ro code   0x800'17b8    0x3c  XShttio.o [2]
  .text                  ro code   0x800'17f4   0xf46  xprintffull.o [2]
  .text                  ro code   0x800'273a    0x3a  zero_init3.o [5]
  .text                  ro code   0x800'2774   0x110  xlocale_c.o [2]
  .text                  ro code   0x800'2884    0x16  strchr.o [5]
  .text                  ro code   0x800'289a    0x26  xencoding_8859_1.o [2]
  .text                  ro code   0x800'28c0    0x40  xfail_s.o [2]
  .text                  ro code   0x800'2900    0x36  strlen.o [5]
  .text                  ro code   0x800'2936    0x1e  xsscin.o [2]
  .text                  ro code   0x800'2954    0x58  memchr.o [5]
  .text                  ro code   0x800'29ac     0xa  xmbcurmax.o [2]
  .text                  ro code   0x800'29b6    0x1a  xsnprout.o [2]
  .text                  ro code   0x800'29d0    0xa6  ABImemcpy.o [5]
  .rodata                const     0x800'2a76     0x1  unwind_debug.o [6]
  .text                  ro code   0x800'2a78   0x230  I64DivMod.o [5]
  .text                  ro code   0x800'2ca8   0x1a2  DblMul.o [4]
  .text                  ro code   0x800'2e4c    0x70  frexp.o [4]
  .text                  ro code   0x800'2ebc    0x2e  DblCmpLe.o [4]
  .text                  ro code   0x800'2eec    0x2e  DblCmpGe.o [4]
  .text                  ro code   0x800'2f1c   0x13a  ldexp.o [4]
  .text                  ro code   0x800'3058    0x3a  DblToS32.o [4]
  .text                  ro code   0x800'3094    0x22  S32ToDbl.o [4]
  .text                  ro code   0x800'30b8    0xe2  DblSub.o [4]
  .text                  ro code   0x800'319c   0x246  DblDiv.o [4]
  .text                  ro code   0x800'33e4    0x28  DblToU32.o [4]
  .text                  ro code   0x800'340c    0x1a  U32ToDbl.o [4]
  .text                  ro code   0x800'3428     0x2  I64DivZer.o [5]
  .text                  ro code   0x800'342c   0x17a  DblAdd.o [4]
  .text                  ro code   0x800'35a8   0xe64  stm32f4xx_ll_usb.o [1]
  .text                  ro code   0x800'440c    0x28  stm32f4xx_hal.o [1]
  .text                  ro code   0x800'4434     0xc  stm32f4xx_hal.o [1]
  .text                  ro code   0x800'4440   0xe58  xscanffull.o [2]
  .text                  ro code   0x800'5298    0x3c  wctob.o [2]
  .text                  ro code   0x800'52d4    0x14  isspace.o [2]
  .text                  ro code   0x800'52e8    0x9e  iar_Stollx.o [2]
  .text                  ro code   0x800'5388   0x1b2  iar_Stoullx.o [2]
  .text                  ro code   0x800'553c   0x514  strto64.o [4]
  .text                  ro code   0x800'5a50    0x14  isalpha.o [2]
  .text                  ro code   0x800'5a64    0x68  DblToFlt.o [4]
  .text                  ro code   0x800'5acc    0x14  tolower.o [2]
  .text                  ro code   0x800'5ae0   0x122  iar_Stopfx.o [2]
  .text                  ro code   0x800'5c04   0x1c4  iar_Stoflt.o [2]
  .text                  ro code   0x800'5dc8   0x21c  iar_Stoxflt.o [2]
  .text                  ro code   0x800'5fe4   0xcb2  main.o [1]
  .text                  ro code   0x800'6c98    0x2c  main.o [1]
  .text                  ro code   0x800'6cc4    0x24  main.o [1]
  .text                  ro code   0x800'6ce8    0x64  main.o [1]
  .text                  ro code   0x800'6d4c    0x28  main.o [1]
  .text                  ro code   0x800'6d74     0xc  main.o [1]
  .text                  ro code   0x800'6d80   0x1d4  stm32f4xx_hal_rcc.o [1]
  .text                  ro code   0x800'6f54   0x1fc  stm32f4xx_hal_gpio.o [1]
  .text                  ro code   0x800'7150    0x14  toupper.o [2]
  .text                  ro code   0x800'7164    0x8c  UsbSerial.o [1]
  .text                  ro code   0x800'71f0    0x28  sscanf.o [2]
  .text                  ro code   0x800'7218    0x12  strcmp.o [5]
  .text                  ro code   0x800'722a     0xa  main.o [1]
  .text                  ro code   0x800'7234    0x48  FltToDbl.o [4]
  .text                  ro code   0x800'727c    0x44  snprintf.o [2]
  .text                  ro code   0x800'72c0    0x24  main.o [1]
  .text                  ro code   0x800'72e4    0x20  main.o [1]
  .text                  ro code   0x800'7304    0x3a  main.o [1]
  .text                  ro code   0x800'733e     0xe  main.o [1]
  .text                  ro code   0x800'734c    0xba  main.o [1]
  .text                  ro code   0x800'7408    0x54  main.o [1]
  .text                  ro code   0x800'745c    0x34  stm32f4xx_hal.o [1]
  .text                  ro code   0x800'7490    0x58  usb_device.o [1]
  .text                  ro code   0x800'74e8   0x52e  stm32f4xx_hal_tim.o [1]
  .text                  ro code   0x800'7a18     0x6  ABImemclr4.o [5]
  .text                  ro code   0x800'7a20   0x36c  stm32f4xx_hal_rcc.o [1]
  .text                  ro code   0x800'7d8c    0x4c  stm32f4xx_hal_tim_ex.o [1]
  .text                  ro code   0x800'7dd8    0xc0  stm32f4xx_hal_msp.o [1]
  .text                  ro code   0x800'7e98    0x18  strcpy.o [5]
  .text                  ro code   0x800'7eb0    0x4c  stm32f4xx_hal.o [1]
  .text                  ro code   0x800'7efc     0x6  UsbSerial.o [1]
  .text                  ro code   0x800'7f04    0x66  ABImemset.o [5]
  .text                  ro code   0x800'7f6c    0x70  strncpy.o [5]
  .text                  ro code   0x800'7fdc    0x1e  strcat.o [2]
  .text                  ro code   0x800'7ffc    0xd8  usbd_cdc_if.o [1]
  .text                  ro code   0x800'80d4    0x18  main.o [1]
  .text                  ro code   0x800'80ec     0x8  abs.o [2]
  .text                  ro code   0x800'80f4    0x34  main.o [1]
  .text                  ro code   0x800'8128    0x64  main.o [1]
  .text                  ro code   0x800'818c    0x88  main.o [1]
  .text                  ro code   0x800'8214   0x12c  stm32f4xx_hal_cortex.o [1]
  .text                  ro code   0x800'8340   0x392  usbd_core.o [1]
  .text                  ro code   0x800'86d4   0x3ba  usbd_cdc.o [1]
  .text                  ro code   0x800'8a8e     0x2  stm32f4xx_hal_tim.o [1]
  .text                  ro code   0x800'8a90    0x32  ABImemset48.o [5]
  .text                  ro code   0x800'8ac4    0x28  printf.o [2]
  .text                  ro code   0x800'8aec   0x354  usbd_conf.o [1]
  .text                  ro code   0x800'8e40   0x708  usbd_ctlreq.o [1]
  .text                  ro code   0x800'9548    0x9c  usbd_ioreq.o [1]
  .text                  ro code   0x800'95e4     0x4  heaptramp0.o [2]
  .text                  ro code   0x800'95e8   0xbe0  stm32f4xx_hal_pcd.o [1]
  .text                  ro code   0x800'a1c8    0x6c  stm32f4xx_hal_pcd_ex.o [1]
  .text                  ro code   0x800'a234   0x136  usbd_desc.o [1]
  .text                  ro code   0x800'a36a    0xd8  xfspos.o [2]
  .text                  ro code   0x800'a444    0xac  fflush.o [2]
  .text                  ro code   0x800'a4f0     0xc  xfgpos.o [2]
  .text                  ro code   0x800'a4fc    0x4a  lseek.o [6]
  .text                  ro code   0x800'a546    0x10  write.o [6]
  .text                  ro code   0x800'a558    0xcc  XShHandles.o [2]
  .text                  ro code   0x800'a624    0x1e  dwrite.o [6]
  .text                  ro code   0x800'a642    0x20  iarwstd.o [6]
  .text                  ro code   0x800'a662    0x22  iarwrite.o [6]
  .text                  ro code   0x800'a684    0xb4  xfwprep.o [2]
  .text                  ro code   0x800'a738    0x24  fseek.o [2]
  .text                  ro code   0x800'a75c    0x8c  xfofind.o [2]
  .text                  ro code   0x800'a7e8    0x7e  fclose.o [2]
  .text                  ro code   0x800'a866    0x18  close.o [6]
  .text                  ro code   0x800'a87e    0x14  remove.o [6]
  .text                  ro code   0x800'a894    0x60  system_stm32f4xx.o [1]
  .text                  ro code   0x800'a8f4    0x54  fputc.o [2]
  .rodata                const     0x800'a948    0x50  iar_Stoullx.o [2]
  .rodata                const     0x800'a998    0x4c  xscanffull.o [2]
  .rodata                const     0x800'a9e4    0x14  main.o [1]
  .rodata                const     0x800'a9f8    0x48  strto64.o [4]
  .text                  ro code   0x800'aa40    0x3c  xcloseall.o [2]
  .rodata                const     0x800'aa7c    0x28  xscanffull.o [2]
  .text                  ro code   0x800'aaa4    0x28  stm32f4xx_it.o [1]
  .text                  ro code   0x800'aacc    0x18  stm32f4xx_hal.o [1]
  .text                  ro code   0x800'aae4    0x28  data_init.o [5]
  .text                  ro code   0x800'ab0c    0x22  fpinit_M.o [4]
  .iar.init_table        const     0x800'ab30    0x24  - Linker created -
  .text                  ro code   0x800'ab54    0x20  cmain_call_ctors.o [5]
  .text                  ro code   0x800'ab74    0x18  cppinit.o [2]
  .text                  ro code   0x800'ab8c    0x1e  cmain.o [5]
  .text                  ro code   0x800'abaa     0x4  low_level_init.o [2]
  .text                  ro code   0x800'abae     0x4  exit.o [2]
  .text                  ro code   0x800'abb4     0xe  cexit.o [5]
  .rodata                const     0x800'abc4    0x18  usbd_core.o [1]
  .rodata                const     0x800'abdc    0x18  usbd_core.o [1]
  .text                  ro code   0x800'abf4    0x16  xprout.o [2]
  .text                  ro code   0x800'ac0c     0xc  putchar.o [2]
  .rodata                const     0x800'ac18     0xc  main.o [1]
  .rodata                const     0x800'ac28    0x10  main.o [1]
  .rodata                const     0x800'ac38    0x10  main.o [1]
  .rodata                const     0x800'ac48    0x10  system_stm32f4xx.o [1]
  .rodata                const     0x800'ac58    0x10  usbd_desc.o [1]
  .text                  ro code   0x800'ac68    0x10  startup_stm32f411xe.o [1]
  .rodata                const     0x800'ac78     0xc  main.o [1]
  .rodata                const     0x800'ac84     0xc  main.o [1]
  .rodata                const     0x800'ac90     0xc  usbd_desc.o [1]
  .rodata                const     0x800'ac9c     0xc  usbd_desc.o [1]
  .text                  ro code   0x800'aca8     0xc  cstartup_M.o [5]
  .rodata                const     0x800'acb4     0x8  main.o [1]
  .rodata                const     0x800'acbc     0x8  main.o [1]
  .rodata                const     0x800'acc4     0x8  main.o [1]
  .rodata                const     0x800'accc     0x8  main.o [1]
  .rodata                const     0x800'acd4     0x8  main.o [1]
  .rodata                const     0x800'acdc     0x8  main.o [1]
  .rodata                const     0x800'ace4     0x8  usbd_core.o [1]
  .rodata                const     0x800'acec     0x8  usbd_desc.o [1]
  SHT$$PREINIT_ARRAY               0x800'acf4     0x0  <Block>
  SHT$$INIT_ARRAY                  0x800'acf4     0x8  <Block>
    .init_array          const     0x800'acf4     0x4  main.o [1]
    .init_array          const     0x800'acf8     0x4  UsbSerial.o [1]
  __iar_tls$$INIT_ARRAY            0x800'acfc     0x0  <Block>
  .rodata                const     0x800'acfc     0x6  xlocale_c.o [2]
  .text                  ro code   0x800'ad02     0x4  startup_stm32f411xe.o [1]
  .text                  ro code   0x800'ad06     0x4  startup_stm32f411xe.o [1]
  .text                  ro code   0x800'ad0a     0x4  startup_stm32f411xe.o [1]
  .text                  ro code   0x800'ad0e     0x4  startup_stm32f411xe.o [1]
  .text                  ro code   0x800'ad12     0x4  startup_stm32f411xe.o [1]
  .text                  ro code   0x800'ad16     0x4  startup_stm32f411xe.o [1]
  .text                  ro code   0x800'ad1a     0x4  startup_stm32f411xe.o [1]
  .text                  ro code   0x800'ad1e     0x4  startup_stm32f411xe.o [1]
  .text                  ro code   0x800'ad22     0x4  startup_stm32f411xe.o [1]
  .text                  ro code   0x800'ad26     0x4  startup_stm32f411xe.o [1]
  .text                  ro code   0x800'ad2a     0x4  startup_stm32f411xe.o [1]
  .text                  ro code   0x800'ad2e     0x4  startup_stm32f411xe.o [1]
  .text                  ro code   0x800'ad32     0x4  startup_stm32f411xe.o [1]
  .text                  ro code   0x800'ad36     0x4  startup_stm32f411xe.o [1]
  .text                  ro code   0x800'ad3a     0x4  startup_stm32f411xe.o [1]
  .text                  ro code   0x800'ad3e     0x4  startup_stm32f411xe.o [1]
  .text                  ro code   0x800'ad42     0x4  startup_stm32f411xe.o [1]
  .text                  ro code   0x800'ad46     0x4  startup_stm32f411xe.o [1]
  .text                  ro code   0x800'ad4a     0x4  startup_stm32f411xe.o [1]
  .text                  ro code   0x800'ad4e     0x4  startup_stm32f411xe.o [1]
  .text                  ro code   0x800'ad52     0x4  startup_stm32f411xe.o [1]
  .text                  ro code   0x800'ad56     0x4  startup_stm32f411xe.o [1]
  .text                  ro code   0x800'ad5a     0x4  startup_stm32f411xe.o [1]
  .text                  ro code   0x800'ad5e     0x4  startup_stm32f411xe.o [1]
  .text                  ro code   0x800'ad62     0x4  startup_stm32f411xe.o [1]
  .text                  ro code   0x800'ad66     0x4  startup_stm32f411xe.o [1]
  .text                  ro code   0x800'ad6a     0x4  startup_stm32f411xe.o [1]
  .text                  ro code   0x800'ad6e     0x4  startup_stm32f411xe.o [1]
  .text                  ro code   0x800'ad72     0x4  startup_stm32f411xe.o [1]
  .text                  ro code   0x800'ad76     0x4  startup_stm32f411xe.o [1]
  .text                  ro code   0x800'ad7a     0x4  startup_stm32f411xe.o [1]
  .text                  ro code   0x800'ad7e     0x4  startup_stm32f411xe.o [1]
  .text                  ro code   0x800'ad82     0x4  startup_stm32f411xe.o [1]
  .text                  ro code   0x800'ad86     0x4  startup_stm32f411xe.o [1]
  .text                  ro code   0x800'ad8a     0x4  startup_stm32f411xe.o [1]
  .text                  ro code   0x800'ad8e     0x4  startup_stm32f411xe.o [1]
  .text                  ro code   0x800'ad92     0x4  startup_stm32f411xe.o [1]
  .text                  ro code   0x800'ad96     0x4  startup_stm32f411xe.o [1]
  .text                  ro code   0x800'ad9a     0x4  startup_stm32f411xe.o [1]
  .text                  ro code   0x800'ad9e     0x4  startup_stm32f411xe.o [1]
  .text                  ro code   0x800'ada2     0x4  startup_stm32f411xe.o [1]
  .text                  ro code   0x800'ada6     0x4  startup_stm32f411xe.o [1]
  .text                  ro code   0x800'adaa     0x4  startup_stm32f411xe.o [1]
  .text                  ro code   0x800'adae     0x4  startup_stm32f411xe.o [1]
  .text                  ro code   0x800'adb2     0x4  startup_stm32f411xe.o [1]
  .text                  ro code   0x800'adb6     0x4  startup_stm32f411xe.o [1]
  .text                  ro code   0x800'adba     0x4  startup_stm32f411xe.o [1]
  .text                  ro code   0x800'adbe     0x4  startup_stm32f411xe.o [1]
  .text                  ro code   0x800'adc2     0x4  startup_stm32f411xe.o [1]
  .text                  ro code   0x800'adc6     0x4  startup_stm32f411xe.o [1]
  .text                  ro code   0x800'adca     0x4  startup_stm32f411xe.o [1]
  .text                  ro code   0x800'adce     0x4  startup_stm32f411xe.o [1]
  .text                  ro code   0x800'add2     0x4  startup_stm32f411xe.o [1]
  .text                  ro code   0x800'add6     0x4  startup_stm32f411xe.o [1]
  .text                  ro code   0x800'adda     0x4  startup_stm32f411xe.o [1]
  .text                  ro code   0x800'adde     0x4  startup_stm32f411xe.o [1]
  .text                  ro code   0x800'ade4     0x0  cstart_closeall.o [5]
  .rodata                const     0x800'ade4     0x0  zero_init3.o [5]
  .rodata                const     0x800'ade4     0x0  lz77_init_single.o [5]
  Initializer bytes      const     0x800'ade4   0x19e  <for P2-1>
                                 - 0x800'af82  0xadea

"P2", part 1 of 3:                              0x34a
  P2-1                            0x2000'0000   0x34a  <Init block>
    .data                inited   0x2000'0000    0x18  main.o [1]
    .data                inited   0x2000'0018    0x18  main.o [1]
    .data                inited   0x2000'0030    0x18  main.o [1]
    .data                inited   0x2000'0048     0x4  stm32f4xx_hal.o [1]
    .data                inited   0x2000'004c     0x4  system_stm32f4xx.o [1]
    .data                inited   0x2000'0050     0xc  usbd_cdc.o [1]
    .data                inited   0x2000'005c    0x38  usbd_cdc.o [1]
    .data                inited   0x2000'0094    0x44  usbd_cdc.o [1]
    .data                inited   0x2000'00d8    0x44  usbd_cdc.o [1]
    .data                inited   0x2000'011c    0x44  usbd_cdc.o [1]
    .data                inited   0x2000'0160    0x10  usbd_cdc_if.o [1]
    .data                inited   0x2000'0170     0x8  usbd_cdc_if.o [1]
    .data                inited   0x2000'0178    0x1c  usbd_desc.o [1]
    .data                inited   0x2000'0194    0x14  usbd_desc.o [1]
    .data                inited   0x2000'01a8     0x4  usbd_desc.o [1]
    .data                inited   0x2000'01ac    0x1c  usbd_desc.o [1]
    .data                inited   0x2000'01c8    0x38  xlocale_c.o [2]
    .data                inited   0x2000'0200    0x48  xlocale_c.o [2]
    .data                inited   0x2000'0248    0x48  xfiles.o [2]
    .data                inited   0x2000'0290    0x48  xfiles.o [2]
    .data                inited   0x2000'02d8    0x48  xfiles.o [2]
    .data                inited   0x2000'0320    0x20  xfiles.o [2]
    .data                inited   0x2000'0340     0x8  XShttio.o [2]
    .data                inited   0x2000'0348     0x1  main.o [1]
    .data                inited   0x2000'0349     0x1  stm32f4xx_hal.o [1]
                                - 0x2000'034a   0x34a

"P2", part 2 of 3:                             0x1680
  .bss                   zero     0x2000'034c   0x408  usbd_conf.o [1]
  .bss                   zero     0x2000'0754   0x29c  usb_device.o [1]
  .bss                   zero     0x2000'09f0   0x200  usbd_cdc_if.o [1]
  .bss                   zero     0x2000'0bf0   0x200  usbd_cdc_if.o [1]
  .bss                   zero     0x2000'0df0   0x200  usbd_desc.o [1]
  .bss                   zero     0x2000'0ff0   0x200  UsbSerial.o [1]
  .bss                   zero     0x2000'11f0   0x200  UsbSerial.o [1]
  .bss                   zero     0x2000'13f0   0x1d8  dlmalloc.o [2]
  .bss                   zero     0x2000'15c8    0x80  XShHandles.o [2]
  .bss                   zero     0x2000'1648     0xc  main.o [1]
  .bss                   zero     0x2000'1658    0x50  main.o [1]
  .bss                   zero     0x2000'16a8    0x50  main.o [1]
  .bss                   zero     0x2000'16f8    0x50  Trackbar.o [1]
  .bss                   zero     0x2000'1748    0x50  xfiles.o [2]
  .bss                   zero     0x2000'1798    0x50  xfiles.o [2]
  .bss                   zero     0x2000'17e8    0x40  main.o [1]
  .bss                   zero     0x2000'1828    0x30  main.o [1]
  .bss                   zero     0x2000'1858    0x28  main.o [1]
  .bss                   zero     0x2000'1880    0x20  main.o [1]
  .bss                   zero     0x2000'18a0    0x18  dlmalloc.o [2]
  .bss                   zero     0x2000'18b8    0x10  main.o [1]
  .bss                   zero     0x2000'18c8    0x10  main.o [1]
  .bss                   zero     0x2000'18d8    0x10  main.o [1]
  .bss                   zero     0x2000'18e8    0x10  main.o [1]
  .bss                   zero     0x2000'18f8    0x10  main.o [1]
  .bss                   zero     0x2000'1908    0x10  main.o [1]
  .bss                   zero     0x2000'1918    0x10  main.o [1]
  .bss                   zero     0x2000'1928    0x10  main.o [1]
  .bss                   zero     0x2000'1938    0x10  main.o [1]
  .bss                   zero     0x2000'1948    0x10  main.o [1]
  .bss                   zero     0x2000'1958     0x8  main.o [1]
  .bss                   zero     0x2000'1960     0x8  main.o [1]
  .bss                   zero     0x2000'1968     0x8  main.o [1]
  .bss                   zero     0x2000'1970     0x8  main.o [1]
  .bss                   zero     0x2000'1978     0x8  main.o [1]
  .bss                   zero     0x2000'1980     0x8  main.o [1]
  .bss                   zero     0x2000'1988     0x8  main.o [1]
  .bss                   zero     0x2000'1990     0x8  main.o [1]
  .bss                   zero     0x2000'1998     0x8  main.o [1]
  .bss                   zero     0x2000'19a0     0x8  main.o [1]
  .bss                   zero     0x2000'19a8     0x8  UsbSerial.o [1]
  .bss                   zero     0x2000'19b0     0x4  main.o [1]
  .bss                   zero     0x2000'19b4     0x4  main.o [1]
  .bss                   zero     0x2000'19b8     0x4  main.o [1]
  .bss                   zero     0x2000'19bc     0x4  stm32f4xx_hal.o [1]
  .bss                   zero     0x2000'19c0     0x4  xfail_s.o [2]
  .bss                   zero     0x2000'19c4     0x4  xgetmemchunk.o [2]
  .bss                   zero     0x2000'19c8     0x1  main.o [1]
  .bss                   zero     0x2000'19c9     0x1  Trackbar.o [1]
  .bss                   zero     0x2000'19ca     0x1  usbd_ctlreq.o [1]
  .bss                   zero     0x2000'19cb     0x1  XShttio.o [2]
                                - 0x2000'19cc  0x1680

"P2", part 3 of 3:                             0x6000
  CSTACK                          0x2000'19d0  0x4000  <Block>
    CSTACK               uninit   0x2000'19d0  0x4000  <Block tail>
  HEAP                            0x2000'59d0  0x2000  <Block>
    HEAP                 uninit   0x2000'59d0  0x2000  <Block tail>
                                - 0x2000'79d0  0x6000

Unused ranges:

         From           To      Size
         ----           --      ----
   0x800'af82   0x807'ffff  0x7'507e
  0x2000'034a  0x2000'034b       0x2
  0x2000'19cc  0x2000'19cf       0x4
  0x2000'79d0  0x2001'ffff  0x1'8630


*******************************************************************************
*** INIT TABLE
***

          Address      Size
          -------      ----
Zero (__iar_zero_init3)
    1 destination range, total size 0x1680:
          0x2000'034c  0x1680

Copy/lz77 (__iar_lz77_init_single3)
    1 source range, total size 0x19e (49% of destination):
           0x800'ade4   0x19e
    1 destination range, total size 0x34a:
          0x2000'0000   0x34a

Extra (__iar_cstart_call_ctors)



*******************************************************************************
*** MODULE SUMMARY
***

    Module                  ro code  ro data  rw data
    ------                  -------  -------  -------
command line/config:
    -------------------------------------------------
    Total:

C:\Users\maiso\Desktop\CubeMX\InvertedPendulum\EWARM\InvertedPendulum\Obj: [1]
    Trackbar.o                                     81
    UsbSerial.o                 146        4    1 032
    main.o                    4 214      175      682
    startup_stm32f411xe.o       648
    stm32f4xx_hal.o             204        3        9
    stm32f4xx_hal_cortex.o      300
    stm32f4xx_hal_gpio.o        508
    stm32f4xx_hal_msp.o         192
    stm32f4xx_hal_pcd.o       3 040
    stm32f4xx_hal_pcd_ex.o      108
    stm32f4xx_hal_rcc.o       1 344
    stm32f4xx_hal_tim.o       1 328
    stm32f4xx_hal_tim_ex.o       76
    stm32f4xx_it.o               40
    stm32f4xx_ll_usb.o        3 684
    system_stm32f4xx.o           96       18        4
    usb_device.o                 88               668
    usbd_cdc.o                  954      134      272
    usbd_cdc_if.o               216       11    1 048
    usbd_conf.o                 852             1 032
    usbd_core.o                 914       56
    usbd_ctlreq.o             1 800                 1
    usbd_desc.o                 310       88      592
    usbd_ioreq.o                156
    -------------------------------------------------
    Total:                   21 218      489    5 421

dl7M_tlf.a: [2]
    XShHandles.o                204               128
    XShttio.o                    60        4        9
    abort.o                       6
    abs.o                         8
    cppinit.o                    24
    dlmalloc.o                5 344               496
    exit.o                        4
    fclose.o                    126
    fflush.o                    172
    fputc.o                      84
    fseek.o                      36
    heaptramp0.o                  4
    iar_Stoflt.o                452
    iar_Stollx.o                158
    iar_Stopfx.o                290
    iar_Stoullx.o               434       80
    iar_Stoxflt.o               540
    isalpha.o                    20
    isspace.o                    20
    low_level_init.o              4
    printf.o                     40
    putchar.o                    12
    snprintf.o                   68
    sscanf.o                     40
    strcat.o                     30
    tolower.o                    20
    toupper.o                    20
    wctob.o                      60
    xcloseall.o                  60
    xencoding_8859_1.o           38
    xfail_s.o                    64                 4
    xfgpos.o                     12
    xfiles.o                             122      408
    xfofind.o                   140
    xfspos.o                    216
    xfwprep.o                   180
    xgetmemchunk.o               44                 4
    xlocale_c.o                 272       69      128
    xmbcurmax.o                  10
    xprintffull.o             3 910
    xprout.o                     22
    xscanffull.o              3 672      116
    xsnprout.o                   26
    xsscin.o                     30
    -------------------------------------------------
    Total:                   16 976      391    1 177

dlpp7M_tl_fc.a: [3]
    -------------------------------------------------
    Total:

m7M_tls.a: [4]
    DblAdd.o                    378
    DblCmpGe.o                   46
    DblCmpLe.o                   46
    DblDiv.o                    582
    DblMul.o                    418
    DblSub.o                    226
    DblToFlt.o                  104
    DblToS32.o                   58
    DblToU32.o                   40
    FltToDbl.o                   72
    S32ToDbl.o                   34
    U32ToDbl.o                   26
    fpinit_M.o                   34
    frexp.o                     112
    ldexp.o                     314
    strto64.o                 1 300       72
    -------------------------------------------------
    Total:                    3 790       72

rt7M_tl.a: [5]
    ABImemclr4.o                  6
    ABImemcpy.o                 166
    ABImemset.o                 102
    ABImemset48.o                50
    I64DivMod.o                 560
    I64DivZer.o                   2
    cexit.o                      14
    cmain.o                      30
    cmain_call_ctors.o           32
    cstart_closeall.o
    cstartup_M.o                 12
    data_init.o                  40
    lz77_init_single.o          122
    memchr.o                     88
    strchr.o                     22
    strcmp.o                     18
    strcpy.o                     24
    strlen.o                     54
    strncpy.o                   112
    zero_init3.o                 58
    -------------------------------------------------
    Total:                    1 512

shb_l.a: [6]
    close.o                      24
    dwrite.o                     30
    exit.o                       20
    iarttio.o                   128
    iarwrite.o                   34
    iarwstd.o                    32
    lseek.o                      74
    remove.o                     20
    unwind_debug.o                         1
    write.o                      16
    -------------------------------------------------
    Total:                      378        1

    Gaps                         59        8        4
    Linker created                        36   24 576
-----------------------------------------------------
    Grand Total:             43 933      997   31 178


*******************************************************************************
*** ENTRY LIST
***

Entry                       Address   Size  Type      Object
-----                       -------   ----  ----      ------
.iar.init_table$$Base    0x800'ab30          --   Gb  - Linker created -
.iar.init_table$$Limit   0x800'ab54          --   Gb  - Linker created -
?main                    0x800'ab8d         Code  Gb  cmain.o [5]
AHBPrescTable            0x800'ac48   0x10  Data  Gb  system_stm32f4xx.o [1]
Accel::Accel(VelocityStepper &, double &)
                         0x800'6cc5   0x24  Code  Gb  main.o [1]
Accel::Update()          0x800'7409   0x54  Code  Gb  main.o [1]
BusFault_Handler         0x800'aaab    0x2  Code  Gb  stm32f4xx_it.o [1]
CDC_Transmit_FS          0x800'8095   0x2c  Code  Gb  usbd_cdc_if.o [1]
CSTACK$$Base            0x2000'19d0          --   Gb  - Linker created -
CSTACK$$Limit           0x2000'59d0          --   Gb  - Linker created -
CacheMore                0x800'27c1   0x24  Code  Lc  xlocale_c.o [2]
DebugMon_Handler         0x800'aab1    0x2  Code  Gb  stm32f4xx_it.o [1]
Dtentox                  0x800'56d9  0x190  Code  Lc  strto64.o [4]
Error_Handler            0x800'6c8d    0xa  Code  Gb  main.o [1]
FS_Desc                 0x2000'0178   0x1c  Data  Gb  usbd_desc.o [1]
HAL_Delay                0x800'440d   0x28  Code  Wk  stm32f4xx_hal.o [1]
HAL_GPIO_Init            0x800'6f55  0x1bc  Code  Gb  stm32f4xx_hal_gpio.o [1]
HAL_GPIO_WritePin        0x800'7111   0x14  Code  Gb  stm32f4xx_hal_gpio.o [1]
HAL_GetTick              0x800'4435    0xc  Code  Wk  stm32f4xx_hal.o [1]
HAL_IncTick              0x800'aacd   0x18  Code  Wk  stm32f4xx_hal.o [1]
HAL_Init                 0x800'745d   0x30  Code  Gb  stm32f4xx_hal.o [1]
HAL_InitTick             0x800'7eb1   0x4c  Code  Wk  stm32f4xx_hal.o [1]
HAL_MspInit              0x800'7dd9   0x36  Code  Gb  stm32f4xx_hal_msp.o [1]
HAL_NVIC_EnableIRQ       0x800'830d    0xa  Code  Gb  stm32f4xx_hal_cortex.o [1]
HAL_NVIC_SetPriority     0x800'82eb   0x22  Code  Gb  stm32f4xx_hal_cortex.o [1]
HAL_NVIC_SetPriorityGrouping
                         0x800'82e3    0x8  Code  Gb  stm32f4xx_hal_cortex.o [1]
HAL_PCDEx_LPM_Callback   0x800'a233    0x2  Code  Wk  stm32f4xx_hal_pcd_ex.o [1]
HAL_PCDEx_SetRxFiFo      0x800'a229    0xa  Code  Gb  stm32f4xx_hal_pcd_ex.o [1]
HAL_PCDEx_SetTxFiFo      0x800'a1c9   0x60  Code  Gb  stm32f4xx_hal_pcd_ex.o [1]
HAL_PCD_ConnectCallback
                         0x800'8c5d    0xc  Code  Gb  usbd_conf.o [1]
HAL_PCD_DataInStageCallback
                         0x800'8bb5   0x1c  Code  Gb  usbd_conf.o [1]
HAL_PCD_DataOutStageCallback
                         0x800'8b97   0x1e  Code  Gb  usbd_conf.o [1]
HAL_PCD_DisconnectCallback
                         0x800'8c69    0xc  Code  Gb  usbd_conf.o [1]
HAL_PCD_EP_Close         0x800'9cff   0x66  Code  Gb  stm32f4xx_hal_pcd.o [1]
HAL_PCD_EP_ClrStall      0x800'9eaf   0x7c  Code  Gb  stm32f4xx_hal_pcd.o [1]
HAL_PCD_EP_GetRxCount    0x800'9dbb   0x12  Code  Gb  stm32f4xx_hal_pcd.o [1]
HAL_PCD_EP_Open          0x800'9c79   0x86  Code  Gb  stm32f4xx_hal_pcd.o [1]
HAL_PCD_EP_Receive       0x800'9d65   0x56  Code  Gb  stm32f4xx_hal_pcd.o [1]
HAL_PCD_EP_SetStall      0x800'9e21   0x8e  Code  Gb  stm32f4xx_hal_pcd.o [1]
HAL_PCD_EP_Transmit      0x800'9dcd   0x54  Code  Gb  stm32f4xx_hal_pcd.o [1]
HAL_PCD_IRQHandler       0x800'979f  0x4ae  Code  Gb  stm32f4xx_hal_pcd.o [1]
HAL_PCD_ISOINIncompleteCallback
                         0x800'8c4f    0xe  Code  Gb  usbd_conf.o [1]
HAL_PCD_ISOOUTIncompleteCallback
                         0x800'8c41    0xe  Code  Gb  usbd_conf.o [1]
HAL_PCD_Init             0x800'95e9  0x174  Code  Gb  stm32f4xx_hal_pcd.o [1]
HAL_PCD_MspInit          0x800'8aed   0x9a  Code  Gb  usbd_conf.o [1]
HAL_PCD_ResetCallback    0x800'8bdd   0x26  Code  Gb  usbd_conf.o [1]
HAL_PCD_ResumeCallback   0x800'8c35    0xc  Code  Gb  usbd_conf.o [1]
HAL_PCD_SOFCallback      0x800'8bd1    0xc  Code  Gb  usbd_conf.o [1]
HAL_PCD_SetAddress       0x800'9c4d   0x2c  Code  Gb  stm32f4xx_hal_pcd.o [1]
HAL_PCD_SetupStageCallback
                         0x800'8b87   0x10  Code  Gb  usbd_conf.o [1]
HAL_PCD_Start            0x800'975d   0x42  Code  Gb  stm32f4xx_hal_pcd.o [1]
HAL_PCD_SuspendCallback
                         0x800'8c03   0x32  Code  Gb  usbd_conf.o [1]
HAL_RCC_ClockConfig      0x800'6d81  0x138  Code  Gb  stm32f4xx_hal_rcc.o [1]
HAL_RCC_GetHCLKFreq      0x800'6eb9    0x6  Code  Gb  stm32f4xx_hal_rcc.o [1]
HAL_RCC_GetSysClockFreq
                         0x800'6ed5   0x80  Code  Wk  stm32f4xx_hal_rcc.o [1]
HAL_RCC_OscConfig        0x800'7a21  0x36c  Code  Wk  stm32f4xx_hal_rcc.o [1]
HAL_SYSTICK_Config       0x800'8317    0x8  Code  Gb  stm32f4xx_hal_cortex.o [1]
HAL_TIMEx_MasterConfigSynchronization
                         0x800'7d8d   0x4c  Code  Gb  stm32f4xx_hal_tim_ex.o [1]
HAL_TIM_Base_Init        0x800'74e9   0x38  Code  Gb  stm32f4xx_hal_tim.o [1]
HAL_TIM_Base_MspInit     0x800'7e0f   0x26  Code  Gb  stm32f4xx_hal_msp.o [1]
HAL_TIM_ConfigClockSource
                         0x800'7699   0xe8  Code  Gb  stm32f4xx_hal_tim.o [1]
HAL_TIM_MspPostInit      0x800'7e35   0x50  Code  Gb  stm32f4xx_hal_msp.o [1]
HAL_TIM_PWM_ConfigChannel
                         0x800'759d   0xfc  Code  Gb  stm32f4xx_hal_tim.o [1]
HAL_TIM_PWM_Init         0x800'7521   0x38  Code  Gb  stm32f4xx_hal_tim.o [1]
HAL_TIM_PWM_Start        0x800'7559   0x3e  Code  Gb  stm32f4xx_hal_tim.o [1]
HEAP$$Base              0x2000'59d0          --   Gb  - Linker created -
HEAP$$Limit             0x2000'79d0          --   Gb  - Linker created -
HardFault_Handler        0x800'aaa7    0x2  Code  Gb  stm32f4xx_it.o [1]
Limit::applyTo(double &)
                         0x800'80f5   0x34  Code  Gb  main.o [1]
LoadInt                  0x800'19b7   0x7a  Code  Lc  xprintffull.o [2]
MX_USB_DEVICE_Init       0x800'7491   0x58  Code  Gb  usb_device.o [1]
MemManage_Handler        0x800'aaa9    0x2  Code  Gb  stm32f4xx_it.o [1]
NMI_Handler              0x800'aaa5    0x2  Code  Gb  stm32f4xx_it.o [1]
OTG_FS_IRQHandler        0x800'aabd    0xa  Code  Gb  stm32f4xx_it.o [1]
PID::PID(double &, double &, double &, Tunings &)
                         0x800'6ce9   0x64  Code  Gb  main.o [1]
PID::SetIntegralLimit(double, double)
                         0x800'80d5   0x18  Code  Gb  main.o [1]
PID::SetOutputLimit(double, double)
                         0x800'72e5   0x20  Code  Gb  main.o [1]
PID::SetSampleTime(unsigned int)
                         0x800'72c1   0x24  Code  Gb  main.o [1]
PID::Update()            0x800'734d   0xba  Code  Gb  main.o [1]
PendSV_Handler           0x800'aab3    0x2  Code  Gb  stm32f4xx_it.o [1]
Region$$Table$$Base      0x800'ab30          --   Gb  - Linker created -
Region$$Table$$Limit     0x800'ab54          --   Gb  - Linker created -
SHT$$INIT_ARRAY$$Base    0x800'acf4          --   Gb  - Linker created -
SHT$$INIT_ARRAY$$Limit   0x800'acfc          --   Gb  - Linker created -
SHT$$PREINIT_ARRAY$$Base
                         0x800'acf4          --   Gb  - Linker created -
SHT$$PREINIT_ARRAY$$Limit
                         0x800'acf4          --   Gb  - Linker created -
SVC_Handler              0x800'aaaf    0x2  Code  Gb  stm32f4xx_it.o [1]
Serial                  0x2000'19a8    0x8  Data  Gb  UsbSerial.o [1]
SysTick_Handler          0x800'aab5    0x8  Code  Gb  stm32f4xx_it.o [1]
SystemClock_Config()     0x800'67c5   0xa4  Code  Gb  main.o [1]
SystemCoreClock         0x2000'004c    0x4  Data  Gb  system_stm32f4xx.o [1]
SystemInit               0x800'a895   0x40  Code  Gb  system_stm32f4xx.o [1]
TIM_Base_SetConfig       0x800'7781   0x82  Code  Gb  stm32f4xx_hal_tim.o [1]
TIM_CCxChannelCmd        0x800'79f1   0x26  Code  Gb  stm32f4xx_hal_tim.o [1]
TIM_ETR_SetConfig        0x800'79db   0x16  Code  Gb  stm32f4xx_hal_tim.o [1]
TIM_OC2_SetConfig        0x800'785b   0x62  Code  Gb  stm32f4xx_hal_tim.o [1]
Trackbar::Trackbar(char const *, double &)
                         0x800'6d4d   0x28  Code  Gb  main.o [1]
Trackbar::instances     0x2000'16f8   0x50  Data  Gb  Trackbar.o [1]
Trackbar::instancesCount
                        0x2000'19c9    0x1  Data  Gb  Trackbar.o [1]
USBD_CDC                0x2000'005c   0x38  Data  Gb  usbd_cdc.o [1]
USBD_CDC_CfgFSDesc      0x2000'00d8   0x44  Data  Gb  usbd_cdc.o [1]
USBD_CDC_CfgHSDesc      0x2000'0094   0x44  Data  Gb  usbd_cdc.o [1]
USBD_CDC_DeviceQualifierDesc
                        0x2000'0050    0xc  Data  Lc  usbd_cdc.o [1]
USBD_CDC_GetDeviceQualifierDescriptor(unsigned short *)
                         0x800'89cf    0x8  Code  Gb  usbd_cdc.o [1]
USBD_CDC_OtherSpeedCfgDesc
                        0x2000'011c   0x44  Data  Gb  usbd_cdc.o [1]
USBD_CDC_ReceivePacket   0x800'8a57   0x38  Code  Gb  usbd_cdc.o [1]
USBD_CDC_RegisterInterface
                         0x800'89e9   0x12  Code  Gb  usbd_cdc.o [1]
USBD_CDC_SetRxBuffer     0x800'8a0d    0xc  Code  Gb  usbd_cdc.o [1]
USBD_CDC_SetTxBuffer     0x800'89fb   0x12  Code  Gb  usbd_cdc.o [1]
USBD_CDC_TransmitPacket
                         0x800'8a19   0x3e  Code  Gb  usbd_cdc.o [1]
USBD_ClrClassConfig      0x800'83ed   0x10  Code  Gb  usbd_core.o [1]
USBD_CtlContinueRx       0x800'95a7   0x12  Code  Gb  usbd_ioreq.o [1]
USBD_CtlContinueSendData
                         0x800'956d   0x12  Code  Gb  usbd_ioreq.o [1]
USBD_CtlError            0x800'94d1   0x16  Code  Gb  usbd_ctlreq.o [1]
USBD_CtlPrepareRx        0x800'957f   0x28  Code  Gb  usbd_ioreq.o [1]
USBD_CtlReceiveStatus    0x800'95cf   0x16  Code  Gb  usbd_ioreq.o [1]
USBD_CtlSendData         0x800'9549   0x24  Code  Gb  usbd_ioreq.o [1]
USBD_CtlSendStatus       0x800'95b9   0x16  Code  Gb  usbd_ioreq.o [1]
USBD_FS_ConfigStrDescriptor(USBD_SpeedTypeDef, unsigned short *)
                         0x800'a285   0x20  Code  Gb  usbd_desc.o [1]
USBD_FS_DeviceDesc      0x2000'0194   0x14  Data  Gb  usbd_desc.o [1]
USBD_FS_DeviceDescriptor(USBD_SpeedTypeDef, unsigned short *)
                         0x800'a235    0x8  Code  Gb  usbd_desc.o [1]
USBD_FS_InterfaceStrDescriptor(USBD_SpeedTypeDef, unsigned short *)
                         0x800'a2a5   0x20  Code  Gb  usbd_desc.o [1]
USBD_FS_LangIDStrDescriptor(USBD_SpeedTypeDef, unsigned short *)
                         0x800'a23d    0x8  Code  Gb  usbd_desc.o [1]
USBD_FS_ManufacturerStrDescriptor(USBD_SpeedTypeDef, unsigned short *)
                         0x800'a265   0x12  Code  Gb  usbd_desc.o [1]
USBD_FS_ProductStrDescriptor(USBD_SpeedTypeDef, unsigned short *)
                         0x800'a245   0x20  Code  Gb  usbd_desc.o [1]
USBD_FS_SerialStrDescriptor(USBD_SpeedTypeDef, unsigned short *)
                         0x800'a277    0xe  Code  Gb  usbd_desc.o [1]
USBD_GetString           0x800'94e7   0x4e  Code  Gb  usbd_ctlreq.o [1]
USBD_Get_USB_Status(HAL_StatusTypeDef)
                         0x800'8e17   0x2a  Code  Gb  usbd_conf.o [1]
USBD_Init                0x800'8341   0x42  Code  Gb  usbd_core.o [1]
USBD_Interface_fops_FS  0x2000'0160   0x10  Data  Gb  usbd_cdc_if.o [1]
USBD_LL_ClearStallEP     0x800'8d69   0x1a  Code  Gb  usbd_conf.o [1]
USBD_LL_CloseEP          0x800'8d35   0x1a  Code  Gb  usbd_conf.o [1]
USBD_LL_DataInStage      0x800'8507  0x104  Code  Gb  usbd_core.o [1]
USBD_LL_DataOutStage     0x800'8461   0xa6  Code  Gb  usbd_core.o [1]
USBD_LL_DevConnected     0x800'86b7    0x4  Code  Gb  usbd_core.o [1]
USBD_LL_DevDisconnected
                         0x800'86bb   0x18  Code  Gb  usbd_core.o [1]
USBD_LL_GetRxDataSize    0x800'8e09    0xe  Code  Gb  usbd_conf.o [1]
USBD_LL_Init             0x800'8c75   0x6a  Code  Gb  usbd_conf.o [1]
USBD_LL_IsStallEP        0x800'8d83   0x34  Code  Gb  usbd_conf.o [1]
USBD_LL_IsoINIncomplete
                         0x800'86af    0x4  Code  Gb  usbd_core.o [1]
USBD_LL_IsoOUTIncomplete
                         0x800'86b3    0x4  Code  Gb  usbd_core.o [1]
USBD_LL_OpenEP           0x800'8d11   0x24  Code  Gb  usbd_conf.o [1]
USBD_LL_PrepareReceive   0x800'8ded   0x1c  Code  Gb  usbd_conf.o [1]
USBD_LL_Reset            0x800'860b   0x60  Code  Gb  usbd_core.o [1]
USBD_LL_Resume           0x800'8683    0xc  Code  Gb  usbd_core.o [1]
USBD_LL_SOF              0x800'868f   0x20  Code  Gb  usbd_core.o [1]
USBD_LL_SetSpeed         0x800'866b    0x6  Code  Gb  usbd_core.o [1]
USBD_LL_SetUSBAddress    0x800'8db7   0x1a  Code  Gb  usbd_conf.o [1]
USBD_LL_SetupStage       0x800'83fd   0x64  Code  Gb  usbd_core.o [1]
USBD_LL_StallEP          0x800'8d4f   0x1a  Code  Gb  usbd_conf.o [1]
USBD_LL_Start            0x800'8cf9   0x18  Code  Gb  usbd_conf.o [1]
USBD_LL_Suspend          0x800'8671   0x12  Code  Gb  usbd_core.o [1]
USBD_LL_Transmit         0x800'8dd1   0x1c  Code  Gb  usbd_conf.o [1]
USBD_LangIDDesc         0x2000'01a8    0x4  Data  Gb  usbd_desc.o [1]
USBD_ParseSetupRequest   0x800'94a9   0x28  Code  Gb  usbd_ctlreq.o [1]
USBD_RegisterClass       0x800'8383   0x28  Code  Gb  usbd_core.o [1]
USBD_RunTestMode         0x800'83c7    0x4  Code  Gb  usbd_core.o [1]
USBD_SetClassConfig      0x800'83cb   0x22  Code  Gb  usbd_core.o [1]
USBD_SetConfig(USBD_HandleTypeDef *, usb_setup_req *)::cfgidx
                        0x2000'19ca    0x1  Data  Lc  usbd_ctlreq.o [1]
USBD_Start               0x800'83bd    0xa  Code  Gb  usbd_core.o [1]
USBD_StdDevReq           0x800'8e41   0x7a  Code  Gb  usbd_ctlreq.o [1]
USBD_StdEPReq            0x800'8f27  0x24c  Code  Gb  usbd_ctlreq.o [1]
USBD_StdItfReq           0x800'8ebb   0x6c  Code  Gb  usbd_ctlreq.o [1]
USBD_StrDesc            0x2000'0df0  0x200  Data  Gb  usbd_desc.o [1]
USBD_StringSerial       0x2000'01ac   0x1c  Data  Gb  usbd_desc.o [1]
USB_ActivateEndpoint     0x800'39c7   0xba  Code  Gb  stm32f4xx_ll_usb.o [1]
USB_ActivateSetup        0x800'4305   0x42  Code  Gb  stm32f4xx_ll_usb.o [1]
USB_CoreInit             0x800'35a9   0x80  Code  Gb  stm32f4xx_ll_usb.o [1]
USB_DeactivateEndpoint   0x800'3a81   0xb0  Code  Gb  stm32f4xx_ll_usb.o [1]
USB_DevConnect           0x800'424d   0x1c  Code  Gb  stm32f4xx_ll_usb.o [1]
USB_DevDisconnect        0x800'4269   0x1c  Code  Gb  stm32f4xx_ll_usb.o [1]
USB_DevInit              0x800'374b  0x204  Code  Gb  stm32f4xx_ll_usb.o [1]
USB_DisableGlobalInt     0x800'3707    0xc  Code  Gb  stm32f4xx_ll_usb.o [1]
USB_EP0StartXfer         0x800'3ecd  0x1dc  Code  Gb  stm32f4xx_ll_usb.o [1]
USB_EP0_OutStart         0x800'4347   0x76  Code  Gb  stm32f4xx_ll_usb.o [1]
USB_EPClearStall         0x800'4199   0x8a  Code  Gb  stm32f4xx_ll_usb.o [1]
USB_EPSetStall           0x800'4105   0x94  Code  Gb  stm32f4xx_ll_usb.o [1]
USB_EPStartXfer          0x800'3b31  0x34e  Code  Gb  stm32f4xx_ll_usb.o [1]
USB_EnableGlobalInt      0x800'36fb    0xc  Code  Gb  stm32f4xx_ll_usb.o [1]
USB_FlushRxFifo          0x800'3971   0x1e  Code  Gb  stm32f4xx_ll_usb.o [1]
USB_FlushTxFifo          0x800'394f   0x22  Code  Gb  stm32f4xx_ll_usb.o [1]
USB_GetDevSpeed          0x800'39a3   0x24  Code  Gb  stm32f4xx_ll_usb.o [1]
USB_GetMode              0x800'42fd    0x8  Code  Gb  stm32f4xx_ll_usb.o [1]
USB_ReadDevAllInEpInterrupt
                         0x800'42a3   0x14  Code  Gb  stm32f4xx_ll_usb.o [1]
USB_ReadDevAllOutEpInterrupt
                         0x800'428f   0x14  Code  Gb  stm32f4xx_ll_usb.o [1]
USB_ReadDevInEPInterrupt
                         0x800'42cf   0x2e  Code  Gb  stm32f4xx_ll_usb.o [1]
USB_ReadDevOutEPInterrupt
                         0x800'42b7   0x18  Code  Gb  stm32f4xx_ll_usb.o [1]
USB_ReadInterrupts       0x800'4285    0xa  Code  Gb  stm32f4xx_ll_usb.o [1]
USB_ReadPacket           0x800'40e1   0x24  Code  Gb  stm32f4xx_ll_usb.o [1]
USB_SetCurrentMode       0x800'3713   0x38  Code  Gb  stm32f4xx_ll_usb.o [1]
USB_SetDevAddress        0x800'4223   0x2a  Code  Gb  stm32f4xx_ll_usb.o [1]
USB_SetDevSpeed          0x800'398f   0x14  Code  Gb  stm32f4xx_ll_usb.o [1]
USB_SetTurnaroundTime    0x800'3629   0xd2  Code  Gb  stm32f4xx_ll_usb.o [1]
USB_WritePacket          0x800'40a9   0x38  Code  Gb  stm32f4xx_ll_usb.o [1]
UpbitCounter<unsigned short, int>::UpbitCounter()
                         0x800'6d75    0xc  Code  Gb  main.o [1]
UpbitCounter<unsigned short, int>::getCount()
                         0x800'733f    0xe  Code  Gb  main.o [1]
UpbitCounter<unsigned short, int>::reset()
                         0x800'722b    0xa  Code  Gb  main.o [1]
UpbitCounter<unsigned short, int>::update(unsigned short)
                         0x800'7305   0x3a  Code  Gb  main.o [1]
UsageFault_Handler       0x800'aaad    0x2  Code  Gb  stm32f4xx_it.o [1]
UsbSerial::UsbSerial()   0x800'7efd    0x6  Code  Gb  UsbSerial.o [1]
UsbSerial::available()   0x800'7177    0x4  Code  Gb  UsbSerial.o [1]
UsbSerial::begin()       0x800'716f    0x8  Code  Gb  UsbSerial.o [1]
UsbSerial::println(char const *)
                         0x800'71af   0x30  Code  Gb  UsbSerial.o [1]
UsbSerial::readBytes(unsigned char *, unsigned short)
                         0x800'717b   0x34  Code  Gb  UsbSerial.o [1]
UserRxBufferFS          0x2000'09f0  0x200  Data  Lc  usbd_cdc_if.o [1]
UserRxBufferFS          0x2000'0ff0  0x200  Data  Lc  UsbSerial.o [1]
UserTxBufferFS          0x2000'0bf0  0x200  Data  Lc  usbd_cdc_if.o [1]
UserTxBufferFS          0x2000'11f0  0x200  Data  Lc  UsbSerial.o [1]
VelocityStepper::SetVelocity(double)
                         0x800'818d   0x88  Code  Gb  main.o [1]
VelocityStepper::Update()
                         0x800'8129   0x64  Code  Gb  main.o [1]
VelocityStepper::VelocityStepper(double &)
                         0x800'6c99   0x2c  Code  Gb  main.o [1]
[local to main_c]::MX_GPIO_Init()
                         0x800'689d  0x20a  Code  Lc  main.o [1]
[local to main_c]::MX_TIM4_Init()
                         0x800'6ad9   0xb0  Code  Lc  main.o [1]
[local to main_c]::setMotorPwm(double)
                         0x800'66f5   0xc8  Code  Lc  main.o [1]
[local to stm32f4xx_hal_cortex_c]::NVIC_EncodePriority(unsigned int, unsigned int, unsigned int)
                         0x800'8279   0x3c  Code  Lc  stm32f4xx_hal_cortex.o [1]
[local to stm32f4xx_hal_cortex_c]::SysTick_Config(unsigned int)
                         0x800'82b5   0x2e  Code  Lc  stm32f4xx_hal_cortex.o [1]
[local to stm32f4xx_hal_cortex_c]::__NVIC_EnableIRQ(IRQn_Type)
                         0x800'8239   0x1c  Code  Lc  stm32f4xx_hal_cortex.o [1]
[local to stm32f4xx_hal_cortex_c]::__NVIC_GetPriorityGrouping()
                         0x800'822f    0xa  Code  Lc  stm32f4xx_hal_cortex.o [1]
[local to stm32f4xx_hal_cortex_c]::__NVIC_SetPriority(IRQn_Type, unsigned int)
                         0x800'8255   0x24  Code  Lc  stm32f4xx_hal_cortex.o [1]
[local to stm32f4xx_hal_cortex_c]::__NVIC_SetPriorityGrouping(unsigned int)
                         0x800'8215   0x1a  Code  Lc  stm32f4xx_hal_cortex.o [1]
[local to stm32f4xx_hal_pcd_c]::PCD_EP_OutSetupPacket_int(PCD_HandleTypeDef *, unsigned int)
                         0x800'a151   0x6e  Code  Lc  stm32f4xx_hal_pcd.o [1]
[local to stm32f4xx_hal_pcd_c]::PCD_EP_OutXfrComplete_int(PCD_HandleTypeDef *, unsigned int)
                         0x800'a013  0x13e  Code  Lc  stm32f4xx_hal_pcd.o [1]
[local to stm32f4xx_hal_pcd_c]::PCD_WriteEmptyTxFifo(PCD_HandleTypeDef *, unsigned int)
                         0x800'9f2b   0xe8  Code  Lc  stm32f4xx_hal_pcd.o [1]
[local to stm32f4xx_hal_tim_c]::TIM_ITRx_SetConfig(TIM_TypeDef *, unsigned int)
                         0x800'79cb   0x10  Code  Lc  stm32f4xx_hal_tim.o [1]
[local to stm32f4xx_hal_tim_c]::TIM_OC1_SetConfig(TIM_TypeDef *, TIM_OC_InitTypeDef *)
                         0x800'7803   0x58  Code  Lc  stm32f4xx_hal_tim.o [1]
[local to stm32f4xx_hal_tim_c]::TIM_OC3_SetConfig(TIM_TypeDef *, TIM_OC_InitTypeDef *)
                         0x800'78bd   0x60  Code  Lc  stm32f4xx_hal_tim.o [1]
[local to stm32f4xx_hal_tim_c]::TIM_OC4_SetConfig(TIM_TypeDef *, TIM_OC_InitTypeDef *)
                         0x800'791d   0x46  Code  Lc  stm32f4xx_hal_tim.o [1]
[local to stm32f4xx_hal_tim_c]::TIM_TI1_ConfigInputStage(TIM_TypeDef *, unsigned int, unsigned int)
                         0x800'7981   0x24  Code  Lc  stm32f4xx_hal_tim.o [1]
[local to stm32f4xx_hal_tim_c]::TIM_TI2_ConfigInputStage(TIM_TypeDef *, unsigned int, unsigned int)
                         0x800'79a5   0x26  Code  Lc  stm32f4xx_hal_tim.o [1]
[local to stm32f4xx_ll_usb_c]::USB_CoreReset(USB_OTG_GlobalTypeDef *)
                         0x800'43bd   0x32  Code  Lc  stm32f4xx_ll_usb.o [1]
[local to usbd_cdc_c]::USBD_CDC_DataIn(_USBD_HandleTypeDef *, unsigned char)
                         0x800'88dd   0x70  Code  Lc  usbd_cdc.o [1]
[local to usbd_cdc_c]::USBD_CDC_DataOut(_USBD_HandleTypeDef *, unsigned char)
                         0x800'894d   0x34  Code  Lc  usbd_cdc.o [1]
[local to usbd_cdc_c]::USBD_CDC_DeInit(_USBD_HandleTypeDef *, unsigned char)
                         0x800'8797   0x50  Code  Lc  usbd_cdc.o [1]
[local to usbd_cdc_c]::USBD_CDC_EP0_RxReady(_USBD_HandleTypeDef *)
                         0x800'8981   0x36  Code  Lc  usbd_cdc.o [1]
[local to usbd_cdc_c]::USBD_CDC_GetFSCfgDesc(unsigned short *)
                         0x800'89b7    0x8  Code  Lc  usbd_cdc.o [1]
[local to usbd_cdc_c]::USBD_CDC_GetHSCfgDesc(unsigned short *)
                         0x800'89bf    0x8  Code  Lc  usbd_cdc.o [1]
[local to usbd_cdc_c]::USBD_CDC_GetOtherSpeedCfgDesc(unsigned short *)
                         0x800'89c7    0x8  Code  Lc  usbd_cdc.o [1]
[local to usbd_cdc_c]::USBD_CDC_Init(_USBD_HandleTypeDef *, unsigned char)
                         0x800'86d5   0xc2  Code  Lc  usbd_cdc.o [1]
[local to usbd_cdc_c]::USBD_CDC_Setup(_USBD_HandleTypeDef *, usb_setup_req *)
                         0x800'87e7   0xf6  Code  Lc  usbd_cdc.o [1]
[local to usbd_cdc_if_c]::CDC_Control_FS(unsigned char, unsigned char *, unsigned short)
                         0x800'801b   0x58  Code  Lc  usbd_cdc_if.o [1]
[local to usbd_cdc_if_c]::CDC_DeInit_FS()
                         0x800'8017    0x4  Code  Lc  usbd_cdc_if.o [1]
[local to usbd_cdc_if_c]::CDC_Init_FS()
                         0x800'7ffd   0x1a  Code  Lc  usbd_cdc_if.o [1]
[local to usbd_cdc_if_c]::CDC_Receive_FS(unsigned char *, unsigned int *)
                         0x800'8073   0x22  Code  Lc  usbd_cdc_if.o [1]
[local to usbd_ctlreq_c]::USBD_ClrFeature(_USBD_HandleTypeDef *, usb_setup_req *)
                         0x800'9485   0x24  Code  Lc  usbd_ctlreq.o [1]
[local to usbd_ctlreq_c]::USBD_GetConfig(_USBD_HandleTypeDef *, usb_setup_req *)
                         0x800'93f5   0x3e  Code  Lc  usbd_ctlreq.o [1]
[local to usbd_ctlreq_c]::USBD_GetDescriptor(_USBD_HandleTypeDef *, usb_setup_req *)
                         0x800'9173  0x150  Code  Lc  usbd_ctlreq.o [1]
[local to usbd_ctlreq_c]::USBD_GetLen(unsigned char *)
                         0x800'9535   0x14  Code  Lc  usbd_ctlreq.o [1]
[local to usbd_ctlreq_c]::USBD_GetStatus(_USBD_HandleTypeDef *, usb_setup_req *)
                         0x800'9433   0x3e  Code  Lc  usbd_ctlreq.o [1]
[local to usbd_ctlreq_c]::USBD_SetAddress(_USBD_HandleTypeDef *, usb_setup_req *)
                         0x800'92c3   0x5e  Code  Lc  usbd_ctlreq.o [1]
[local to usbd_ctlreq_c]::USBD_SetConfig(_USBD_HandleTypeDef *, usb_setup_req *)
                         0x800'9321   0xce  Code  Lc  usbd_ctlreq.o [1]
[local to usbd_ctlreq_c]::USBD_SetFeature(_USBD_HandleTypeDef *, usb_setup_req *)
                         0x800'9471   0x14  Code  Lc  usbd_ctlreq.o [1]
[local to usbd_desc_c]::Get_SerialNum()
                         0x800'a2c5   0x2c  Code  Lc  usbd_desc.o [1]
[local to usbd_desc_c]::IntToUnicode(unsigned int, unsigned char *, unsigned char)
                         0x800'a31d   0x4e  Code  Lc  usbd_desc.o [1]
_Close_all               0x800'aa41   0x3c  Code  Gb  xcloseall.o [2]
_Encoding_8859_1_Mbrlen
                         0x800'28b5    0x2  Code  Gb  xencoding_8859_1.o [2]
_Encoding_8859_1_Mbtowc
                         0x800'28ad    0x8  Code  Gb  xencoding_8859_1.o [2]
_Encoding_8859_1_Wctomb
                         0x800'289b   0x12  Code  Gb  xencoding_8859_1.o [2]
_Files                  0x2000'0320   0x20  Data  Gb  xfiles.o [2]
_Fofree                  0x800'a75d   0x86  Code  Gb  xfofind.o [2]
_Fspos                   0x800'a36b   0xd8  Code  Gb  xfspos.o [2]
_Fwprep                  0x800'a685   0xb4  Code  Gb  xfwprep.o [2]
_GenldFull               0x800'2415  0x274  Code  Lc  xprintffull.o [2]
_GetN                    0x800'4441   0x22  Code  Lc  xscanffull.o [2]
_GetfldFull              0x800'467b  0x12e  Code  Lc  xscanffull.o [2]
_GetfloatFull            0x800'4ce1  0x540  Code  Lc  xscanffull.o [2]
_GetintFull              0x800'4abd  0x21e  Code  Lc  xscanffull.o [2]
_GetstrFull              0x800'47ed  0x2cc  Code  Lc  xscanffull.o [2]
_LdtobFull               0x800'2011  0x3d6  Code  Lc  xprintffull.o [2]
_LitobFull               0x800'1ec1  0x10a  Code  Lc  xprintffull.o [2]
_LocaleC_isalpha         0x800'277b    0xc  Code  Gb  xlocale_c.o [2]
_LocaleC_islower         0x800'2775    0x4  Code  Gb  xlocale_c.o [2]
_LocaleC_isspace         0x800'2791   0x14  Code  Gb  xlocale_c.o [2]
_LocaleC_isupper         0x800'2779    0x2  Code  Gb  xlocale_c.o [2]
_LocaleC_tolower         0x800'27a5    0xc  Code  Gb  xlocale_c.o [2]
_LocaleC_toupper         0x800'27b1    0xc  Code  Gb  xlocale_c.o [2]
_Locale_lconv           0x2000'01c8   0x38  Data  Lc  xlocale_c.o [2]
_Nnl                     0x800'a4f1    0xc  Code  Gb  xfgpos.o [2]
_PrintfFull              0x800'17f5  0x1aa  Code  Gb  xprintffull.o [2]
_Prout                   0x800'abf5   0x16  Code  Gb  xprout.o [2]
_PutcharsFull            0x800'2689   0x2e  Code  Lc  xprintffull.o [2]
_PutfldFull              0x800'1a31  0x2d4  Code  Lc  xprintffull.o [2]
_PutstrFull              0x800'1dfb   0xc6  Code  Lc  xprintffull.o [2]
_PuttxtFull              0x800'1d05   0xf6  Code  Lc  xprintffull.o [2]
_SNProut                 0x800'29b7   0x1a  Code  Gb  xsnprout.o [2]
_SScin                   0x800'2937   0x1e  Code  Gb  xsscin.o [2]
_ScanfFull               0x800'447d  0x1e6  Code  Gb  xscanffull.o [2]
_UngetN                  0x800'4463   0x1a  Code  Lc  xscanffull.o [2]
__aeabi_cdcmple          0x800'2ebd         Code  Gb  DblCmpLe.o [4]
__aeabi_cdrcmple         0x800'2eed         Code  Gb  DblCmpGe.o [4]
__aeabi_d2f              0x800'5a65         Code  Gb  DblToFlt.o [4]
__aeabi_d2iz             0x800'3059         Code  Gb  DblToS32.o [4]
__aeabi_d2uiz            0x800'33e5         Code  Gb  DblToU32.o [4]
__aeabi_dadd             0x800'342d         Code  Gb  DblAdd.o [4]
__aeabi_ddiv             0x800'319d         Code  Gb  DblDiv.o [4]
__aeabi_dmul             0x800'2ca9         Code  Gb  DblMul.o [4]
__aeabi_dsub             0x800'30b9         Code  Gb  DblSub.o [4]
__aeabi_f2d              0x800'7235         Code  Gb  FltToDbl.o [4]
__aeabi_i2d              0x800'3095         Code  Gb  S32ToDbl.o [4]
__aeabi_ldiv0            0x800'3429         Code  Gb  I64DivZer.o [5]
__aeabi_memclr4          0x800'7a19         Code  Gb  ABImemclr4.o [5]
__aeabi_memcpy           0x800'29d1         Code  Gb  ABImemcpy.o [5]
__aeabi_memcpy4          0x800'29f1         Code  Gb  ABImemcpy.o [5]
__aeabi_memcpy8          0x800'29f1         Code  Gb  ABImemcpy.o [5]
__aeabi_memset           0x800'7f05         Code  Gb  ABImemset.o [5]
__aeabi_ui2d             0x800'340d         Code  Gb  U32ToDbl.o [4]
__aeabi_uldivmod         0x800'2a79         Code  Gb  I64DivMod.o [5]
__call_ctors             0x800'ab75   0x18  Code  Gb  cppinit.o [2]
__cexit_closeall         0x800'abb7         Code  Gb  cexit.o [5]
__close                  0x800'a867   0x18  Code  Gb  close.o [6]
__cmain                  0x800'ab8d         Code  Gb  cmain.o [5]
__cstart_closeall        0x800'ade4         Data  Gb  cstart_closeall.o [5]
__data_GetMemChunk       0x800'16f9   0x2c  Code  Gb  xgetmemchunk.o [2]
__data_GetMemChunk::start
                        0x2000'19c4    0x4  Data  Lc  xgetmemchunk.o [2]
__dwrite                 0x800'a625   0x1e  Code  Gb  dwrite.o [6]
__exit                   0x800'1725   0x14  Code  Gb  exit.o [6]
__iar_Fail_s             0x800'28c1   0x1c  Code  Gb  xfail_s.o [2]
__iar_Mbcurmax           0x800'29ad    0xa  Code  Gb  xmbcurmax.o [2]
__iar_Memchr             0x800'2955         Code  Gb  memchr.o [5]
__iar_Memset             0x800'7f05         Code  Gb  ABImemset.o [5]
__iar_Memset4_word       0x800'8a91         Code  Gb  ABImemset48.o [5]
__iar_Memset8_word       0x800'8a91         Code  Gb  ABImemset48.o [5]
__iar_Memset_word        0x800'7f0d         Code  Gb  ABImemset.o [5]
__iar_Stderr            0x2000'02d8   0x48  Data  Gb  xfiles.o [2]
__iar_Stdin             0x2000'0248   0x48  Data  Gb  xfiles.o [2]
__iar_Stdout            0x2000'0290   0x48  Data  Gb  xfiles.o [2]
__iar_Sto64              0x800'5879  0x194  Code  Gb  strto64.o [4]
__iar_Stoflt             0x800'5c05  0x1c4  Code  Gb  iar_Stoflt.o [2]
__iar_Stollx             0x800'52e9   0x96  Code  Gb  iar_Stollx.o [2]
__iar_Stopfx             0x800'5ae1  0x122  Code  Gb  iar_Stopfx.o [2]
__iar_Stoullx            0x800'5389  0x1a4  Code  Gb  iar_Stoullx.o [2]
__iar_Stoxflt            0x800'5dc9  0x1e6  Code  Gb  iar_Stoxflt.o [2]
__iar_Stoxflt::digits    0x800'5fb4   0x18  Data  Lc  iar_Stoxflt.o [2]
__iar_Stoxflt::vals      0x800'5fcc   0x18  Data  Lc  iar_Stoxflt.o [2]
__iar_Strchr             0x800'2885         Code  Gb  strchr.o [5]
__iar_close_ttio         0x800'1739   0x2e  Code  Gb  iarttio.o [6]
__iar_cstart_call_ctors
                         0x800'ab55   0x20  Code  Gb  cmain_call_ctors.o [5]
__iar_dadd               0x800'30c9         Code  Gb  DblSub.o [4]
__iar_data_init3         0x800'aae5   0x28  Code  Gb  data_init.o [5]
__iar_debug_exceptions   0x800'2a76    0x1  Data  Gb  unwind_debug.o [6]
__iar_dlfree             0x800'1177  0x4f6  Code  Gb  dlmalloc.o [2]
__iar_dlmalloc           0x800'0ec1  0x2b6  Code  Gb  dlmalloc.o [2]
__iar_dsub               0x800'343d         Code  Gb  DblAdd.o [4]
__iar_dsubStart          0x800'344f         Code  Gb  DblAdd.o [4]
__iar_frexp              0x800'2e59         Code  Gb  frexp.o [4]
__iar_frexpl             0x800'2e59         Code  Gb  frexp.o [4]
__iar_get_ttio           0x800'1769   0x4c  Code  Gb  iarttio.o [6]
__iar_globLocale        0x2000'0200   0x48  Data  Lc  xlocale_c.o [2]
__iar_global_Locale      0x800'27bd    0x4  Code  Gb  xlocale_c.o [2]
__iar_init_vfp           0x800'ab0d         Code  Gb  fpinit_M.o [4]
__iar_ldexp64            0x800'2f1d         Code  Gb  ldexp.o [4]
__iar_lookup_ttioh       0x800'17e7    0x4  Code  Gb  XShttio.o [2]
__iar_lz77_init_single3
                         0x800'167f   0x7a  Code  Gb  lz77_init_single.o [5]
__iar_program_start      0x800'aca9         Code  Gb  cstartup_M.o [5]
__iar_scalbln64          0x800'2f1d         Code  Gb  ldexp.o [4]
__iar_scalbn64           0x800'2f1d         Code  Gb  ldexp.o [4]
__iar_sh_Discard         0x800'a559   0x42  Code  Gb  XShHandles.o [2]
__iar_sh_Move            0x800'a59b   0x46  Code  Gb  XShHandles.o [2]
__iar_sh_Pos             0x800'a5e1   0x3e  Code  Gb  XShHandles.o [2]
__iar_sh_stdout          0x800'a643   0x20  Code  Gb  iarwstd.o [6]
__iar_sh_write           0x800'a663   0x22  Code  Gb  iarwrite.o [6]
__iar_softfp___iar_frexp64
                         0x800'2e4d         Code  Gb  frexp.o [4]
__iar_softfp_frexp       0x800'2e4d         Code  Gb  frexp.o [4]
__iar_softfp_frexpl      0x800'2e4d         Code  Gb  frexp.o [4]
__iar_tls$$INIT_ARRAY$$Base
                         0x800'acfc          --   Gb  - Linker created -
__iar_tls$$INIT_ARRAY$$Limit
                         0x800'acfc          --   Gb  - Linker created -
__iar_ttio_guard_lock    0x800'17b9   0x1e  Code  Gb  XShttio.o [2]
__iar_ttio_guard_unlock
                         0x800'17d7   0x10  Code  Gb  XShttio.o [2]
__iar_ttio_handles      0x2000'0340    0x8  Data  Lc  XShttio.o [2]
__iar_zero_init3         0x800'273b   0x3a  Code  Gb  zero_init3.o [5]
__low_level_init         0x800'abab    0x4  Code  Gb  low_level_init.o [2]
__lseek                  0x800'a4fd   0x4a  Code  Gb  lseek.o [6]
__sti__routine           0x800'5fe5   0xe4  Code  Lc  main.o [1]
__sti__routine           0x800'7165    0xa  Code  Lc  UsbSerial.o [1]
__vector_table           0x800'0000         Data  Gb  startup_stm32f411xe.o [1]
__write                  0x800'a547   0x10  Code  Gb  write.o [6]
_call_main               0x800'ab99         Code  Gb  cmain.o [5]
_exit                    0x800'abb5         Code  Gb  cexit.o [5]
_gLocale_mblen           0x800'2863    0x4  Code  Gb  xlocale_c.o [2]
_gLocale_mblenInt        0x800'27e5   0x2c  Code  Gb  xlocale_c.o [2]
_gLocale_mbtowc          0x800'2867    0xc  Code  Gb  xlocale_c.o [2]
_gLocale_mbtowcInt       0x800'2811   0x42  Code  Gb  xlocale_c.o [2]
_gLocale_wctomb          0x800'2873    0x4  Code  Gb  xlocale_c.o [2]
_gLocale_wctombInt       0x800'285f    0x4  Code  Gb  xlocale_c.o [2]
_gm_                    0x2000'13f0  0x1d8  Data  Lc  dlmalloc.o [2]
_main                    0x800'aba7         Code  Gb  cmain.o [5]
abort                    0x800'1679    0x6  Code  Gb  abort.o [2]
abs                      0x800'80ed    0x8  Code  Gb  abs.o [2]
accelHandler            0x2000'1828   0x30  Data  Gb  main.o [1]
add_segment              0x800'0561  0x1f2  Code  Lc  dlmalloc.o [2]
angleEncoderCounter     0x2000'1648    0xc  Data  Gb  main.o [1]
angleTunings            0x2000'0030   0x18  Data  Gb  main.o [1]
currentAngle            0x2000'1970    0x8  Data  Gb  main.o [1]
currentPosition         0x2000'1958    0x8  Data  Gb  main.o [1]
ddiv                     0x800'5605   0xc4  Code  Lc  strto64.o [4]
digits                   0x800'a970   0x28  Data  Lc  iar_Stoullx.o [2]
dmul                     0x800'553d   0xc6  Code  Lc  strto64.o [4]
ebuf                    0x2000'1748   0x50  Data  Lc  xfiles.o [2]
exit                     0x800'abaf    0x4  Code  Gb  exit.o [2]
fclose                   0x800'a7e9   0x7e  Code  Gb  fclose.o [2]
fflush                   0x800'a4b9   0x34  Code  Gb  fflush.o [2]
fflushOne                0x800'a445   0x74  Code  Lc  fflush.o [2]
fputc                    0x800'a8f5   0x54  Code  Gb  fputc.o [2]
free                     0x800'95e5    0x4  Code  Gb  heaptramp0.o [2]
fseek                    0x800'a739   0x24  Code  Gb  fseek.o [2]
getUs()                  0x800'60c9   0x38  Code  Gb  main.o [1]
hUsbDeviceFS            0x2000'0754  0x29c  Data  Gb  usb_device.o [1]
handleGUI()              0x800'62a1  0x1b2  Code  Gb  main.o [1]
homeTunings             0x2000'0018   0x18  Data  Gb  main.o [1]
hpcd_USB_OTG_FS         0x2000'034c  0x408  Data  Gb  usbd_conf.o [1]
htim4                   0x2000'17e8   0x40  Data  Gb  main.o [1]
hwEncoderInit()          0x800'6105  0x15c  Code  Gb  main.o [1]
init_mparams             0x800'01b3   0x32  Code  Lc  dlmalloc.o [2]
init_top                 0x800'01e5   0x36  Code  Lc  dlmalloc.o [2]
isalpha                  0x800'5a51   0x14  Code  Gb  isalpha.o [2]
isspace                  0x800'52d5   0x14  Code  Gb  isspace.o [2]
lastPlot_ms             0x2000'19b0    0x4  Data  Gb  main.o [1]
ldexp                    0x800'2f1d         Code  Gb  ldexp.o [4]
ldexpl                   0x800'2f1d         Code  Gb  ldexp.o [4]
lineCoding              0x2000'0170    0x8  Data  Lc  usbd_cdc_if.o [1]
localeconv               0x800'2877    0x4  Code  Gb  xlocale_c.o [2]
loop()                   0x800'649d  0x20a  Code  Gb  main.o [1]
loop()::angleFiltered   0x2000'19a0    0x8  Data  Lc  main.o [1]
loop()::lastAngle       0x2000'1998    0x8  Data  Lc  main.o [1]
loop()::lastInc         0x2000'19b8    0x4  Data  Lc  main.o [1]
loop()::lastMeasureAngle_ms
                        0x2000'19b4    0x4  Data  Lc  main.o [1]
main                     0x800'66b9   0x2a  Code  Gb  main.o [1]
memchr                   0x800'2955         Code  Gb  memchr.o [5]
message                 0x2000'1880   0x20  Data  Gb  main.o [1]
motorEnable             0x2000'0348    0x1  Data  Gb  main.o [1]
mparams                 0x2000'18a0   0x18  Data  Lc  dlmalloc.o [2]
ndigs                    0x800'a948   0x28  Data  Lc  iar_Stoullx.o [2]
obuf                    0x2000'1798   0x50  Data  Lc  xfiles.o [2]
outAngle                0x2000'1978    0x8  Data  Gb  main.o [1]
outPosition             0x2000'1960    0x8  Data  Gb  main.o [1]
pidHome                 0x2000'16a8   0x50  Data  Gb  main.o [1]
pidMotor                0x2000'1658   0x50  Data  Gb  main.o [1]
plotEnable              0x2000'19c8    0x1  Data  Gb  main.o [1]
positionTunings         0x2000'0000   0x18  Data  Gb  main.o [1]
pows                     0x800'a9f8   0x48  Data  Lc  strto64.o [4]
prepend_alloc            0x800'021b  0x346  Code  Lc  dlmalloc.o [2]
printf                   0x800'8ac5   0x28  Code  Gb  printf.o [2]
putchar                  0x800'ac0d    0xc  Code  Gb  putchar.o [2]
ranmatch                 0x800'47a9   0x44  Code  Lc  xscanffull.o [2]
remove                   0x800'a87f   0x14  Code  Gb  remove.o [6]
sFileInfo               0x2000'15c8   0x80  Data  Lc  XShHandles.o [2]
scalbln                  0x800'2f1d         Code  Gb  ldexp.o [4]
scalblnl                 0x800'2f1d         Code  Gb  ldexp.o [4]
scalbn                   0x800'2f1d         Code  Gb  ldexp.o [4]
scalbnl                  0x800'2f1d         Code  Gb  ldexp.o [4]
scale                    0x800'1fcb   0x46  Code  Lc  xprintffull.o [2]
sec_hand                0x2000'19c0    0x4  Data  Lc  xfail_s.o [2]
segment_holding          0x800'0199   0x1a  Code  Lc  dlmalloc.o [2]
setAccel                0x2000'1988    0x8  Data  Gb  main.o [1]
setAngle                0x2000'1980    0x8  Data  Gb  main.o [1]
setPosition             0x2000'1968    0x8  Data  Gb  main.o [1]
setup()                  0x800'6455   0x46  Code  Gb  main.o [1]
snprintf                 0x800'727d   0x44  Code  Gb  snprintf.o [2]
sscanf                   0x800'71f1   0x28  Code  Gb  sscanf.o [2]
strcat                   0x800'7fdd   0x1e  Code  Gb  strcat.o [2]
strchr                   0x800'2885         Code  Gb  strchr.o [5]
strcmp                   0x800'7219         Code  Gb  strcmp.o [5]
strcpy                   0x800'7e99         Code  Gb  strcpy.o [5]
strlen                   0x800'2901         Code  Gb  strlen.o [5]
strncpy                  0x800'7f6d         Code  Gb  strncpy.o [5]
strtoll                  0x800'5381    0x2  Code  Gb  iar_Stollx.o [2]
strtoull                 0x800'5535    0x2  Code  Gb  iar_Stoullx.o [2]
strupr(char *)           0x800'6289   0x18  Code  Gb  main.o [1]
sys_alloc                0x800'0759  0x164  Code  Lc  dlmalloc.o [2]
sys_trim                 0x800'08bd   0x64  Code  Lc  dlmalloc.o [2]
tbAngleMargin           0x2000'1948   0x10  Data  Gb  main.o [1]
tbLargeAngleKd          0x2000'1938   0x10  Data  Gb  main.o [1]
tbLargeAngleKi          0x2000'1928   0x10  Data  Gb  main.o [1]
tbLargeAngleKp          0x2000'1918   0x10  Data  Gb  main.o [1]
tbMotorKd               0x2000'18d8   0x10  Data  Gb  main.o [1]
tbMotorKi               0x2000'18c8   0x10  Data  Gb  main.o [1]
tbMotorKp               0x2000'18b8   0x10  Data  Gb  main.o [1]
tbTargetAngleKd         0x2000'1908   0x10  Data  Gb  main.o [1]
tbTargetAngleKi         0x2000'18f8   0x10  Data  Gb  main.o [1]
tbTargetAngleKp         0x2000'18e8   0x10  Data  Gb  main.o [1]
tmalloc_large            0x800'092d  0x386  Code  Lc  dlmalloc.o [2]
tmalloc_small            0x800'0cb3  0x200  Code  Lc  dlmalloc.o [2]
tolower                  0x800'5acd   0x14  Code  Gb  tolower.o [2]
toupper                  0x800'7151   0x14  Code  Gb  toupper.o [2]
ttio_guard              0x2000'19cb    0x1  Data  Lc  XShttio.o [2]
uwTick                  0x2000'19bc    0x4  Data  Gb  stm32f4xx_hal.o [1]
uwTickFreq              0x2000'0349    0x1  Data  Gb  stm32f4xx_hal.o [1]
uwTickPrio              0x2000'0048    0x4  Data  Gb  stm32f4xx_hal.o [1]
velocityHandler         0x2000'1858   0x28  Data  Gb  main.o [1]
wctob                    0x800'5299   0x32  Code  Gb  wctob.o [2]
zero                    0x2000'1990    0x8  Data  Gb  main.o [1]


[1] = C:\Users\maiso\Desktop\CubeMX\InvertedPendulum\EWARM\InvertedPendulum\Obj
[2] = dl7M_tlf.a
[3] = dlpp7M_tl_fc.a
[4] = m7M_tls.a
[5] = rt7M_tl.a
[6] = shb_l.a

  43 933 bytes of readonly  code memory
     997 bytes of readonly  data memory
  31 178 bytes of readwrite data memory

Errors: none
Warnings: none
